<?xml version="1.0" encoding="UTF-8"?>
<testsuites name="jest tests" tests="5" failures="0" time="4.132">
  <testsuite name="undefined" errors="0" failures="0" skipped="0" timestamp="2021-08-28T04:06:30" time="3.202" tests="5">
    <testcase classname=" initial UI is rendered as expected and button works" name=" initial UI is rendered as expected and button works" time="0.049">
    </testcase>
    <testcase classname=" button adds notes" name=" button adds notes" time="0.021">
    </testcase>
    <testcase classname=" Multiple notes can be added" name=" Multiple notes can be added" time="0.028">
    </testcase>
    <testcase classname=" Switching between buttons work" name=" Switching between buttons work" time="0.074">
    </testcase>
    <testcase classname=" In active tab, dont show completed notes" name=" In active tab, dont show completed notes" time="0.026">
    </testcase>
  </testsuite>
</testsuites>